Using cpu device
Logging to runs/tensorboard/strategy-v1_1
---------------------------------
| rollout/           |          |
|    ep_len_mean     | 664      |
|    ep_rew_mean     | 2.36     |
| time/              |          |
|    fps             | 418      |
|    iterations      | 1        |
|    time_elapsed    | 78       |
|    total_timesteps | 32768    |
---------------------------------
-----------------------------------------
| rollout/                |             |
|    ep_len_mean          | 664         |
|    ep_rew_mean          | 0.466       |
| time/                   |             |
|    fps                  | 379         |
|    iterations           | 2           |
|    time_elapsed         | 172         |
|    total_timesteps      | 65536       |
| train/                  |             |
|    approx_kl            | 0.009315508 |
|    clip_fraction        | 0.0864      |
|    clip_range           | 0.2         |
|    entropy_loss         | -2.07       |
|    explained_variance   | -0.0812     |
|    learning_rate        | 0.0003      |
|    loss                 | 0.000208    |
|    n_updates            | 10          |
|    policy_gradient_loss | -0.00763    |
|    value_loss           | 0.0612      |
-----------------------------------------
-----------------------------------------
| rollout/                |             |
|    ep_len_mean          | 664         |
|    ep_rew_mean          | -1.47       |
| time/                   |             |
|    fps                  | 370         |
|    iterations           | 3           |
|    time_elapsed         | 265         |
|    total_timesteps      | 98304       |
| train/                  |             |
|    approx_kl            | 0.009452505 |
|    clip_fraction        | 0.0951      |
|    clip_range           | 0.2         |
|    entropy_loss         | -2.06       |
|    explained_variance   | 0.552       |
|    learning_rate        | 0.0003      |
|    loss                 | -0.0194     |
|    n_updates            | 20          |
|    policy_gradient_loss | -0.00809    |
|    value_loss           | 0.039       |
-----------------------------------------
-----------------------------------------
| rollout/                |             |
|    ep_len_mean          | 664         |
|    ep_rew_mean          | -1.53       |
| time/                   |             |
|    fps                  | 367         |
|    iterations           | 4           |
|    time_elapsed         | 356         |
|    total_timesteps      | 131072      |
| train/                  |             |
|    approx_kl            | 0.010125644 |
|    clip_fraction        | 0.106       |
|    clip_range           | 0.2         |
|    entropy_loss         | -2.05       |
|    explained_variance   | 0.735       |
|    learning_rate        | 0.0003      |
|    loss                 | 0.0126      |
|    n_updates            | 30          |
|    policy_gradient_loss | -0.00914    |
|    value_loss           | 0.0396      |
-----------------------------------------
----------------------------------------
| rollout/                |            |
|    ep_len_mean          | 664        |
|    ep_rew_mean          | -1.31      |
| time/                   |            |
|    fps                  | 365        |
|    iterations           | 5          |
|    time_elapsed         | 448        |
|    total_timesteps      | 163840     |
| train/                  |            |
|    approx_kl            | 0.00899502 |
|    clip_fraction        | 0.107      |
|    clip_range           | 0.2        |
|    entropy_loss         | -2.04      |
|    explained_variance   | 0.796      |
|    learning_rate        | 0.0003     |
|    loss                 | 0.0172     |
|    n_updates            | 40         |
|    policy_gradient_loss | -0.00892   |
|    value_loss           | 0.0367     |
----------------------------------------
-----------------------------------------
| rollout/                |             |
|    ep_len_mean          | 664         |
|    ep_rew_mean          | -1.26       |
| time/                   |             |
|    fps                  | 363         |
|    iterations           | 6           |
|    time_elapsed         | 540         |
|    total_timesteps      | 196608      |
| train/                  |             |
|    approx_kl            | 0.009476371 |
|    clip_fraction        | 0.107       |
|    clip_range           | 0.2         |
|    entropy_loss         | -2.02       |
|    explained_variance   | 0.853       |
|    learning_rate        | 0.0003      |
|    loss                 | 0.0102      |
|    n_updates            | 50          |
|    policy_gradient_loss | -0.00893    |
|    value_loss           | 0.0424      |
-----------------------------------------
-----------------------------------------
| rollout/                |             |
|    ep_len_mean          | 664         |
|    ep_rew_mean          | -0.0447     |
| time/                   |             |
|    fps                  | 361         |
|    iterations           | 7           |
|    time_elapsed         | 634         |
|    total_timesteps      | 229376      |
| train/                  |             |
|    approx_kl            | 0.010168898 |
|    clip_fraction        | 0.124       |
|    clip_range           | 0.2         |
|    entropy_loss         | -2.01       |
|    explained_variance   | 0.914       |
|    learning_rate        | 0.0003      |
|    loss                 | 0.0249      |
|    n_updates            | 60          |
|    policy_gradient_loss | -0.0102     |
|    value_loss           | 0.0425      |
-----------------------------------------
-----------------------------------------
| rollout/                |             |
|    ep_len_mean          | 664         |
|    ep_rew_mean          | 0.199       |
| time/                   |             |
|    fps                  | 359         |
|    iterations           | 8           |
|    time_elapsed         | 728         |
|    total_timesteps      | 262144      |
| train/                  |             |
|    approx_kl            | 0.009705526 |
|    clip_fraction        | 0.112       |
|    clip_range           | 0.2         |
|    entropy_loss         | -1.99       |
|    explained_variance   | 0.928       |
|    learning_rate        | 0.0003      |
|    loss                 | 0.00551     |
|    n_updates            | 70          |
|    policy_gradient_loss | -0.00879    |
|    value_loss           | 0.0348      |
-----------------------------------------
------------------------------------------
| rollout/                |              |
|    ep_len_mean          | 664          |
|    ep_rew_mean          | -0.0152      |
| time/                   |              |
|    fps                  | 358          |
|    iterations           | 9            |
|    time_elapsed         | 821          |
|    total_timesteps      | 294912       |
| train/                  |              |
|    approx_kl            | 0.0101410085 |
|    clip_fraction        | 0.121        |
|    clip_range           | 0.2          |
|    entropy_loss         | -1.98        |
|    explained_variance   | 0.937        |
|    learning_rate        | 0.0003       |
|    loss                 | -0.0234      |
|    n_updates            | 80           |
|    policy_gradient_loss | -0.00977     |
|    value_loss           | 0.0415       |
------------------------------------------
------------------------------------------
| rollout/                |              |
|    ep_len_mean          | 664          |
|    ep_rew_mean          | -1.09        |
| time/                   |              |
|    fps                  | 358          |
|    iterations           | 10           |
|    time_elapsed         | 914          |
|    total_timesteps      | 327680       |
| train/                  |              |
|    approx_kl            | 0.0105965715 |
|    clip_fraction        | 0.123        |
|    clip_range           | 0.2          |
|    entropy_loss         | -1.97        |
|    explained_variance   | 0.932        |
|    learning_rate        | 0.0003       |
|    loss                 | -0.0247      |
|    n_updates            | 90           |
|    policy_gradient_loss | -0.0104      |
|    value_loss           | 0.0293       |
------------------------------------------
----------------------------------------
| rollout/                |            |
|    ep_len_mean          | 664        |
|    ep_rew_mean          | -0.804     |
| time/                   |            |
|    fps                  | 356        |
|    iterations           | 11         |
|    time_elapsed         | 1009       |
|    total_timesteps      | 360448     |
| train/                  |            |
|    approx_kl            | 0.01066928 |
|    clip_fraction        | 0.132      |
|    clip_range           | 0.2        |
|    entropy_loss         | -1.96      |
|    explained_variance   | 0.942      |
|    learning_rate        | 0.0003     |
|    loss                 | 0.0272     |
|    n_updates            | 100        |
|    policy_gradient_loss | -0.0106    |
|    value_loss           | 0.0291     |
----------------------------------------
-----------------------------------------
| rollout/                |             |
|    ep_len_mean          | 664         |
|    ep_rew_mean          | 0.744       |
| time/                   |             |
|    fps                  | 355         |
|    iterations           | 12          |
|    time_elapsed         | 1105        |
|    total_timesteps      | 393216      |
| train/                  |             |
|    approx_kl            | 0.010203725 |
|    clip_fraction        | 0.125       |
|    clip_range           | 0.2         |
|    entropy_loss         | -1.96       |
|    explained_variance   | 0.926       |
|    learning_rate        | 0.0003      |
|    loss                 | 0.0166      |
|    n_updates            | 110         |
|    policy_gradient_loss | -0.0106     |
|    value_loss           | 0.0306      |
-----------------------------------------
-----------------------------------------
| rollout/                |             |
|    ep_len_mean          | 664         |
|    ep_rew_mean          | 1.32        |
| time/                   |             |
|    fps                  | 355         |
|    iterations           | 13          |
|    time_elapsed         | 1198        |
|    total_timesteps      | 425984      |
| train/                  |             |
|    approx_kl            | 0.010562841 |
|    clip_fraction        | 0.126       |
|    clip_range           | 0.2         |
|    entropy_loss         | -1.95       |
|    explained_variance   | 0.936       |
|    learning_rate        | 0.0003      |
|    loss                 | -0.016      |
|    n_updates            | 120         |
|    policy_gradient_loss | -0.0108     |
|    value_loss           | 0.0317      |
-----------------------------------------
-----------------------------------------
| rollout/                |             |
|    ep_len_mean          | 664         |
|    ep_rew_mean          | -2.07       |
| time/                   |             |
|    fps                  | 355         |
|    iterations           | 14          |
|    time_elapsed         | 1291        |
|    total_timesteps      | 458752      |
| train/                  |             |
|    approx_kl            | 0.010261776 |
|    clip_fraction        | 0.12        |
|    clip_range           | 0.2         |
|    entropy_loss         | -1.93       |
|    explained_variance   | 0.945       |
|    learning_rate        | 0.0003      |
|    loss                 | 0.021       |
|    n_updates            | 130         |
|    policy_gradient_loss | -0.0103     |
|    value_loss           | 0.0356      |
-----------------------------------------
-----------------------------------------
| rollout/                |             |
|    ep_len_mean          | 664         |
|    ep_rew_mean          | -1.62       |
| time/                   |             |
|    fps                  | 354         |
|    iterations           | 15          |
|    time_elapsed         | 1385        |
|    total_timesteps      | 491520      |
| train/                  |             |
|    approx_kl            | 0.011163177 |
|    clip_fraction        | 0.13        |
|    clip_range           | 0.2         |
|    entropy_loss         | -1.92       |
|    explained_variance   | 0.943       |
|    learning_rate        | 0.0003      |
|    loss                 | -0.0268     |
|    n_updates            | 140         |
|    policy_gradient_loss | -0.0113     |
|    value_loss           | 0.0348      |
-----------------------------------------
-----------------------------------------
| rollout/                |             |
|    ep_len_mean          | 664         |
|    ep_rew_mean          | 1.07        |
| time/                   |             |
|    fps                  | 354         |
|    iterations           | 16          |
|    time_elapsed         | 1480        |
|    total_timesteps      | 524288      |
| train/                  |             |
|    approx_kl            | 0.010622475 |
|    clip_fraction        | 0.127       |
|    clip_range           | 0.2         |
|    entropy_loss         | -1.92       |
|    explained_variance   | 0.954       |
|    learning_rate        | 0.0003      |
|    loss                 | -0.00611    |
|    n_updates            | 150         |
|    policy_gradient_loss | -0.0114     |
|    value_loss           | 0.0373      |
-----------------------------------------
-----------------------------------------
| rollout/                |             |
|    ep_len_mean          | 664         |
|    ep_rew_mean          | 0.642       |
| time/                   |             |
|    fps                  | 353         |
|    iterations           | 17          |
|    time_elapsed         | 1576        |
|    total_timesteps      | 557056      |
| train/                  |             |
|    approx_kl            | 0.010567773 |
|    clip_fraction        | 0.131       |
|    clip_range           | 0.2         |
|    entropy_loss         | -1.91       |
|    explained_variance   | 0.945       |
|    learning_rate        | 0.0003      |
|    loss                 | -0.0466     |
|    n_updates            | 160         |
|    policy_gradient_loss | -0.0115     |
|    value_loss           | 0.0283      |
-----------------------------------------
-----------------------------------------
| rollout/                |             |
|    ep_len_mean          | 664         |
|    ep_rew_mean          | -1.51       |
| time/                   |             |
|    fps                  | 352         |
|    iterations           | 18          |
|    time_elapsed         | 1671        |
|    total_timesteps      | 589824      |
| train/                  |             |
|    approx_kl            | 0.011065448 |
|    clip_fraction        | 0.136       |
|    clip_range           | 0.2         |
|    entropy_loss         | -1.89       |
|    explained_variance   | 0.942       |
|    learning_rate        | 0.0003      |
|    loss                 | 0.0101      |
|    n_updates            | 170         |
|    policy_gradient_loss | -0.0121     |
|    value_loss           | 0.0352      |
-----------------------------------------
----------------------------------------
| rollout/                |            |
|    ep_len_mean          | 664        |
|    ep_rew_mean          | 0.0505     |
| time/                   |            |
|    fps                  | 352        |
|    iterations           | 19         |
|    time_elapsed         | 1766       |
|    total_timesteps      | 622592     |
| train/                  |            |
|    approx_kl            | 0.01094779 |
|    clip_fraction        | 0.136      |
|    clip_range           | 0.2        |
|    entropy_loss         | -1.87      |
|    explained_variance   | 0.952      |
|    learning_rate        | 0.0003     |
|    loss                 | -0.0228    |
|    n_updates            | 180        |
|    policy_gradient_loss | -0.0127    |
|    value_loss           | 0.0322     |
----------------------------------------
------------------------------------------
| rollout/                |              |
|    ep_len_mean          | 664          |
|    ep_rew_mean          | 0.353        |
| time/                   |              |
|    fps                  | 351          |
|    iterations           | 20           |
|    time_elapsed         | 1862         |
|    total_timesteps      | 655360       |
| train/                  |              |
|    approx_kl            | 0.0107587185 |
|    clip_fraction        | 0.138        |
|    clip_range           | 0.2          |
|    entropy_loss         | -1.86        |
|    explained_variance   | 0.958        |
|    learning_rate        | 0.0003       |
|    loss                 | -0.00268     |
|    n_updates            | 190          |
|    policy_gradient_loss | -0.0117      |
|    value_loss           | 0.0323       |
------------------------------------------
----------------------------------------
| rollout/                |            |
|    ep_len_mean          | 664        |
|    ep_rew_mean          | 0.25       |
| time/                   |            |
|    fps                  | 351        |
|    iterations           | 21         |
|    time_elapsed         | 1959       |
|    total_timesteps      | 688128     |
| train/                  |            |
|    approx_kl            | 0.01119375 |
|    clip_fraction        | 0.141      |
|    clip_range           | 0.2        |
|    entropy_loss         | -1.84      |
|    explained_variance   | 0.956      |
|    learning_rate        | 0.0003     |
|    loss                 | -0.00839   |
|    n_updates            | 200        |
|    policy_gradient_loss | -0.0123    |
|    value_loss           | 0.0272     |
----------------------------------------
-----------------------------------------
| rollout/                |             |
|    ep_len_mean          | 664         |
|    ep_rew_mean          | 0.153       |
| time/                   |             |
|    fps                  | 350         |
|    iterations           | 22          |
|    time_elapsed         | 2055        |
|    total_timesteps      | 720896      |
| train/                  |             |
|    approx_kl            | 0.011509705 |
|    clip_fraction        | 0.141       |
|    clip_range           | 0.2         |
|    entropy_loss         | -1.82       |
|    explained_variance   | 0.954       |
|    learning_rate        | 0.0003      |
|    loss                 | -0.0346     |
|    n_updates            | 210         |
|    policy_gradient_loss | -0.012      |
|    value_loss           | 0.027       |
-----------------------------------------
----------------------------------------
| rollout/                |            |
|    ep_len_mean          | 664        |
|    ep_rew_mean          | -0.415     |
| time/                   |            |
|    fps                  | 350        |
|    iterations           | 23         |
|    time_elapsed         | 2152       |
|    total_timesteps      | 753664     |
| train/                  |            |
|    approx_kl            | 0.01188009 |
|    clip_fraction        | 0.148      |
|    clip_range           | 0.2        |
|    entropy_loss         | -1.8       |
|    explained_variance   | 0.963      |
|    learning_rate        | 0.0003     |
|    loss                 | 0.00275    |
|    n_updates            | 220        |
|    policy_gradient_loss | -0.0131    |
|    value_loss           | 0.03       |
----------------------------------------
-----------------------------------------
| rollout/                |             |
|    ep_len_mean          | 664         |
|    ep_rew_mean          | 1.06        |
| time/                   |             |
|    fps                  | 349         |
|    iterations           | 24          |
|    time_elapsed         | 2250        |
|    total_timesteps      | 786432      |
| train/                  |             |
|    approx_kl            | 0.011980781 |
|    clip_fraction        | 0.148       |
|    clip_range           | 0.2         |
|    entropy_loss         | -1.79       |
|    explained_variance   | 0.937       |
|    learning_rate        | 0.0003      |
|    loss                 | -0.00592    |
|    n_updates            | 230         |
|    policy_gradient_loss | -0.0138     |
|    value_loss           | 0.0248      |
-----------------------------------------
-----------------------------------------
| rollout/                |             |
|    ep_len_mean          | 664         |
|    ep_rew_mean          | 0.623       |
| time/                   |             |
|    fps                  | 349         |
|    iterations           | 25          |
|    time_elapsed         | 2345        |
|    total_timesteps      | 819200      |
| train/                  |             |
|    approx_kl            | 0.011853084 |
|    clip_fraction        | 0.152       |
|    clip_range           | 0.2         |
|    entropy_loss         | -1.76       |
|    explained_variance   | 0.959       |
|    learning_rate        | 0.0003      |
|    loss                 | -0.00533    |
|    n_updates            | 240         |
|    policy_gradient_loss | -0.0133     |
|    value_loss           | 0.0387      |
-----------------------------------------
-----------------------------------------
| rollout/                |             |
|    ep_len_mean          | 664         |
|    ep_rew_mean          | 1.41        |
| time/                   |             |
|    fps                  | 348         |
|    iterations           | 26          |
|    time_elapsed         | 2441        |
|    total_timesteps      | 851968      |
| train/                  |             |
|    approx_kl            | 0.011851903 |
|    clip_fraction        | 0.145       |
|    clip_range           | 0.2         |
|    entropy_loss         | -1.75       |
|    explained_variance   | 0.958       |
|    learning_rate        | 0.0003      |
|    loss                 | 0.00767     |
|    n_updates            | 250         |
|    policy_gradient_loss | -0.0133     |
|    value_loss           | 0.0364      |
-----------------------------------------
------------------------------------------
| rollout/                |              |
|    ep_len_mean          | 664          |
|    ep_rew_mean          | 1.54         |
| time/                   |              |
|    fps                  | 348          |
|    iterations           | 27           |
|    time_elapsed         | 2539         |
|    total_timesteps      | 884736       |
| train/                  |              |
|    approx_kl            | 0.0120775625 |
|    clip_fraction        | 0.147        |
|    clip_range           | 0.2          |
|    entropy_loss         | -1.74        |
|    explained_variance   | 0.961        |
|    learning_rate        | 0.0003       |
|    loss                 | -0.0157      |
|    n_updates            | 260          |
|    policy_gradient_loss | -0.0138      |
|    value_loss           | 0.0283       |
------------------------------------------
-----------------------------------------
| rollout/                |             |
|    ep_len_mean          | 664         |
|    ep_rew_mean          | -0.548      |
| time/                   |             |
|    fps                  | 348         |
|    iterations           | 28          |
|    time_elapsed         | 2634        |
|    total_timesteps      | 917504      |
| train/                  |             |
|    approx_kl            | 0.012119213 |
|    clip_fraction        | 0.155       |
|    clip_range           | 0.2         |
|    entropy_loss         | -1.72       |
|    explained_variance   | 0.963       |
|    learning_rate        | 0.0003      |
|    loss                 | -0.00873    |
|    n_updates            | 270         |
|    policy_gradient_loss | -0.0138     |
|    value_loss           | 0.0322      |
-----------------------------------------
-----------------------------------------
| rollout/                |             |
|    ep_len_mean          | 664         |
|    ep_rew_mean          | 0.844       |
| time/                   |             |
|    fps                  | 348         |
|    iterations           | 29          |
|    time_elapsed         | 2727        |
|    total_timesteps      | 950272      |
| train/                  |             |
|    approx_kl            | 0.012975223 |
|    clip_fraction        | 0.164       |
|    clip_range           | 0.2         |
|    entropy_loss         | -1.71       |
|    explained_variance   | 0.965       |
|    learning_rate        | 0.0003      |
|    loss                 | 0.0424      |
|    n_updates            | 280         |
|    policy_gradient_loss | -0.0156     |
|    value_loss           | 0.0356      |
-----------------------------------------
-----------------------------------------
| rollout/                |             |
|    ep_len_mean          | 664         |
|    ep_rew_mean          | 3           |
| time/                   |             |
|    fps                  | 348         |
|    iterations           | 30          |
|    time_elapsed         | 2823        |
|    total_timesteps      | 983040      |
| train/                  |             |
|    approx_kl            | 0.012289275 |
|    clip_fraction        | 0.151       |
|    clip_range           | 0.2         |
|    entropy_loss         | -1.7        |
|    explained_variance   | 0.953       |
|    learning_rate        | 0.0003      |
|    loss                 | -0.0028     |
|    n_updates            | 290         |
|    policy_gradient_loss | -0.0139     |
|    value_loss           | 0.028       |
-----------------------------------------
-----------------------------------------
| rollout/                |             |
|    ep_len_mean          | 664         |
|    ep_rew_mean          | 0.523       |
| time/                   |             |
|    fps                  | 347         |
|    iterations           | 31          |
|    time_elapsed         | 2923        |
|    total_timesteps      | 1015808     |
| train/                  |             |
|    approx_kl            | 0.013041116 |
|    clip_fraction        | 0.16        |
|    clip_range           | 0.2         |
|    entropy_loss         | -1.67       |
|    explained_variance   | 0.954       |
|    learning_rate        | 0.0003      |
|    loss                 | -0.0356     |
|    n_updates            | 300         |
|    policy_gradient_loss | -0.0147     |
|    value_loss           | 0.0253      |
-----------------------------------------
------------------------------------------
| rollout/                |              |
|    ep_len_mean          | 664          |
|    ep_rew_mean          | -0.273       |
| time/                   |              |
|    fps                  | 347          |
|    iterations           | 32           |
|    time_elapsed         | 3020         |
|    total_timesteps      | 1048576      |
| train/                  |              |
|    approx_kl            | 0.0134465005 |
|    clip_fraction        | 0.17         |
|    clip_range           | 0.2          |
|    entropy_loss         | -1.66        |
|    explained_variance   | 0.952        |
|    learning_rate        | 0.0003       |
|    loss                 | -0.0103      |
|    n_updates            | 310          |
|    policy_gradient_loss | -0.0154      |
|    value_loss           | 0.0374       |
------------------------------------------
-----------------------------------------
| rollout/                |             |
|    ep_len_mean          | 664         |
|    ep_rew_mean          | -0.278      |
| time/                   |             |
|    fps                  | 346         |
|    iterations           | 33          |
|    time_elapsed         | 3118        |
|    total_timesteps      | 1081344     |
| train/                  |             |
|    approx_kl            | 0.012824416 |
|    clip_fraction        | 0.16        |
|    clip_range           | 0.2         |
|    entropy_loss         | -1.64       |
|    explained_variance   | 0.966       |
|    learning_rate        | 0.0003      |
|    loss                 | -0.0151     |
|    n_updates            | 320         |
|    policy_gradient_loss | -0.0151     |
|    value_loss           | 0.0349      |
-----------------------------------------
-----------------------------------------
| rollout/                |             |
|    ep_len_mean          | 664         |
|    ep_rew_mean          | -0.0487     |
| time/                   |             |
|    fps                  | 346         |
|    iterations           | 34          |
|    time_elapsed         | 3215        |
|    total_timesteps      | 1114112     |
| train/                  |             |
|    approx_kl            | 0.013455579 |
|    clip_fraction        | 0.157       |
|    clip_range           | 0.2         |
|    entropy_loss         | -1.62       |
|    explained_variance   | 0.958       |
|    learning_rate        | 0.0003      |
|    loss                 | -0.04       |
|    n_updates            | 330         |
|    policy_gradient_loss | -0.015      |
|    value_loss           | 0.0304      |
-----------------------------------------
-----------------------------------------
| rollout/                |             |
|    ep_len_mean          | 664         |
|    ep_rew_mean          | 1.29        |
| time/                   |             |
|    fps                  | 346         |
|    iterations           | 35          |
|    time_elapsed         | 3311        |
|    total_timesteps      | 1146880     |
| train/                  |             |
|    approx_kl            | 0.013441658 |
|    clip_fraction        | 0.163       |
|    clip_range           | 0.2         |
|    entropy_loss         | -1.63       |
|    explained_variance   | 0.962       |
|    learning_rate        | 0.0003      |
|    loss                 | 0.0134      |
|    n_updates            | 340         |
|    policy_gradient_loss | -0.0151     |
|    value_loss           | 0.0369      |
-----------------------------------------
-----------------------------------------
| rollout/                |             |
|    ep_len_mean          | 664         |
|    ep_rew_mean          | 1.73        |
| time/                   |             |
|    fps                  | 346         |
|    iterations           | 36          |
|    time_elapsed         | 3408        |
|    total_timesteps      | 1179648     |
| train/                  |             |
|    approx_kl            | 0.013785737 |
|    clip_fraction        | 0.163       |
|    clip_range           | 0.2         |
|    entropy_loss         | -1.61       |
|    explained_variance   | 0.928       |
|    learning_rate        | 0.0003      |
|    loss                 | 0.0167      |
|    n_updates            | 350         |
|    policy_gradient_loss | -0.0154     |
|    value_loss           | 0.0238      |
-----------------------------------------
-----------------------------------------
| rollout/                |             |
|    ep_len_mean          | 664         |
|    ep_rew_mean          | 1.61        |
| time/                   |             |
|    fps                  | 345         |
|    iterations           | 37          |
|    time_elapsed         | 3506        |
|    total_timesteps      | 1212416     |
| train/                  |             |
|    approx_kl            | 0.013589812 |
|    clip_fraction        | 0.163       |
|    clip_range           | 0.2         |
|    entropy_loss         | -1.6        |
|    explained_variance   | 0.963       |
|    learning_rate        | 0.0003      |
|    loss                 | 3.03e-05    |
|    n_updates            | 360         |
|    policy_gradient_loss | -0.0152     |
|    value_loss           | 0.0377      |
-----------------------------------------
-----------------------------------------
| rollout/                |             |
|    ep_len_mean          | 664         |
|    ep_rew_mean          | 1.69        |
| time/                   |             |
|    fps                  | 345         |
|    iterations           | 38          |
|    time_elapsed         | 3605        |
|    total_timesteps      | 1245184     |
| train/                  |             |
|    approx_kl            | 0.013427915 |
|    clip_fraction        | 0.163       |
|    clip_range           | 0.2         |
|    entropy_loss         | -1.6        |
|    explained_variance   | 0.964       |
|    learning_rate        | 0.0003      |
|    loss                 | -0.0174     |
|    n_updates            | 370         |
|    policy_gradient_loss | -0.0162     |
|    value_loss           | 0.0308      |
-----------------------------------------
-----------------------------------------
| rollout/                |             |
|    ep_len_mean          | 664         |
|    ep_rew_mean          | 2.42        |
| time/                   |             |
|    fps                  | 345         |
|    iterations           | 39          |
|    time_elapsed         | 3702        |
|    total_timesteps      | 1277952     |
| train/                  |             |
|    approx_kl            | 0.013889006 |
|    clip_fraction        | 0.168       |
|    clip_range           | 0.2         |
|    entropy_loss         | -1.57       |
|    explained_variance   | 0.959       |
|    learning_rate        | 0.0003      |
|    loss                 | -0.00436    |
|    n_updates            | 380         |
|    policy_gradient_loss | -0.0159     |
|    value_loss           | 0.029       |
-----------------------------------------
-----------------------------------------
| rollout/                |             |
|    ep_len_mean          | 664         |
|    ep_rew_mean          | 2.67        |
| time/                   |             |
|    fps                  | 344         |
|    iterations           | 40          |
|    time_elapsed         | 3800        |
|    total_timesteps      | 1310720     |
| train/                  |             |
|    approx_kl            | 0.014127089 |
|    clip_fraction        | 0.166       |
|    clip_range           | 0.2         |
|    entropy_loss         | -1.57       |
|    explained_variance   | 0.961       |
|    learning_rate        | 0.0003      |
|    loss                 | -0.0139     |
|    n_updates            | 390         |
|    policy_gradient_loss | -0.0159     |
|    value_loss           | 0.0269      |
-----------------------------------------
-----------------------------------------
| rollout/                |             |
|    ep_len_mean          | 664         |
|    ep_rew_mean          | 2.7         |
| time/                   |             |
|    fps                  | 344         |
|    iterations           | 41          |
|    time_elapsed         | 3900        |
|    total_timesteps      | 1343488     |
| train/                  |             |
|    approx_kl            | 0.014890364 |
|    clip_fraction        | 0.172       |
|    clip_range           | 0.2         |
|    entropy_loss         | -1.55       |
|    explained_variance   | 0.966       |
|    learning_rate        | 0.0003      |
|    loss                 | 0.00325     |
|    n_updates            | 400         |
|    policy_gradient_loss | -0.0157     |
|    value_loss           | 0.0312      |
-----------------------------------------
-----------------------------------------
| rollout/                |             |
|    ep_len_mean          | 664         |
|    ep_rew_mean          | 2.42        |
| time/                   |             |
|    fps                  | 344         |
|    iterations           | 42          |
|    time_elapsed         | 3999        |
|    total_timesteps      | 1376256     |
| train/                  |             |
|    approx_kl            | 0.014364727 |
|    clip_fraction        | 0.169       |
|    clip_range           | 0.2         |
|    entropy_loss         | -1.54       |
|    explained_variance   | 0.956       |
|    learning_rate        | 0.0003      |
|    loss                 | -0.0211     |
|    n_updates            | 410         |
|    policy_gradient_loss | -0.0161     |
|    value_loss           | 0.0274      |
-----------------------------------------
-----------------------------------------
| rollout/                |             |
|    ep_len_mean          | 664         |
|    ep_rew_mean          | 3.04        |
| time/                   |             |
|    fps                  | 343         |
|    iterations           | 43          |
|    time_elapsed         | 4098        |
|    total_timesteps      | 1409024     |
| train/                  |             |
|    approx_kl            | 0.013674157 |
|    clip_fraction        | 0.16        |
|    clip_range           | 0.2         |
|    entropy_loss         | -1.5        |
|    explained_variance   | 0.962       |
|    learning_rate        | 0.0003      |
|    loss                 | -0.0368     |
|    n_updates            | 420         |
|    policy_gradient_loss | -0.0149     |
|    value_loss           | 0.0295      |
-----------------------------------------
------------------------------------------
| rollout/                |              |
|    ep_len_mean          | 664          |
|    ep_rew_mean          | 2.42         |
| time/                   |              |
|    fps                  | 343          |
|    iterations           | 44           |
|    time_elapsed         | 4196         |
|    total_timesteps      | 1441792      |
| train/                  |              |
|    approx_kl            | 0.0145012215 |
|    clip_fraction        | 0.167        |
|    clip_range           | 0.2          |
|    entropy_loss         | -1.53        |
|    explained_variance   | 0.962        |
|    learning_rate        | 0.0003       |
|    loss                 | -0.0247      |
|    n_updates            | 430          |
|    policy_gradient_loss | -0.0158      |
|    value_loss           | 0.0373       |
------------------------------------------
---------------------------------------
| rollout/                |           |
|    ep_len_mean          | 664       |
|    ep_rew_mean          | 1.47      |
| time/                   |           |
|    fps                  | 343       |
|    iterations           | 45        |
|    time_elapsed         | 4297      |
|    total_timesteps      | 1474560   |
| train/                  |           |
|    approx_kl            | 0.0152274 |
|    clip_fraction        | 0.179     |
|    clip_range           | 0.2       |
|    entropy_loss         | -1.51     |
|    explained_variance   | 0.962     |
|    learning_rate        | 0.0003    |
|    loss                 | -0.0317   |
|    n_updates            | 440       |
|    policy_gradient_loss | -0.0168   |
|    value_loss           | 0.033     |
---------------------------------------
-----------------------------------------
| rollout/                |             |
|    ep_len_mean          | 664         |
|    ep_rew_mean          | 1.32        |
| time/                   |             |
|    fps                  | 342         |
|    iterations           | 46          |
|    time_elapsed         | 4396        |
|    total_timesteps      | 1507328     |
| train/                  |             |
|    approx_kl            | 0.014024028 |
|    clip_fraction        | 0.168       |
|    clip_range           | 0.2         |
|    entropy_loss         | -1.5        |
|    explained_variance   | 0.96        |
|    learning_rate        | 0.0003      |
|    loss                 | -0.0259     |
|    n_updates            | 450         |
|    policy_gradient_loss | -0.0155     |
|    value_loss           | 0.0316      |
-----------------------------------------
-----------------------------------------
| rollout/                |             |
|    ep_len_mean          | 664         |
|    ep_rew_mean          | 1.59        |
| time/                   |             |
|    fps                  | 342         |
|    iterations           | 47          |
|    time_elapsed         | 4495        |
|    total_timesteps      | 1540096     |
| train/                  |             |
|    approx_kl            | 0.014025666 |
|    clip_fraction        | 0.168       |
|    clip_range           | 0.2         |
|    entropy_loss         | -1.47       |
|    explained_variance   | 0.951       |
|    learning_rate        | 0.0003      |
|    loss                 | -0.00825    |
|    n_updates            | 460         |
|    policy_gradient_loss | -0.0164     |
|    value_loss           | 0.0285      |
-----------------------------------------
-----------------------------------------
| rollout/                |             |
|    ep_len_mean          | 664         |
|    ep_rew_mean          | 2.34        |
| time/                   |             |
|    fps                  | 342         |
|    iterations           | 48          |
|    time_elapsed         | 4595        |
|    total_timesteps      | 1572864     |
| train/                  |             |
|    approx_kl            | 0.014417736 |
|    clip_fraction        | 0.173       |
|    clip_range           | 0.2         |
|    entropy_loss         | -1.48       |
|    explained_variance   | 0.966       |
|    learning_rate        | 0.0003      |
|    loss                 | 0.0219      |
|    n_updates            | 470         |
|    policy_gradient_loss | -0.0165     |
|    value_loss           | 0.0312      |
-----------------------------------------
-----------------------------------------
| rollout/                |             |
|    ep_len_mean          | 664         |
|    ep_rew_mean          | 1.59        |
| time/                   |             |
|    fps                  | 342         |
|    iterations           | 49          |
|    time_elapsed         | 4694        |
|    total_timesteps      | 1605632     |
| train/                  |             |
|    approx_kl            | 0.014569732 |
|    clip_fraction        | 0.167       |
|    clip_range           | 0.2         |
|    entropy_loss         | -1.42       |
|    explained_variance   | 0.951       |
|    learning_rate        | 0.0003      |
|    loss                 | -0.0379     |
|    n_updates            | 480         |
|    policy_gradient_loss | -0.0152     |
|    value_loss           | 0.0297      |
-----------------------------------------
-----------------------------------------
| rollout/                |             |
|    ep_len_mean          | 664         |
|    ep_rew_mean          | 1.25        |
| time/                   |             |
|    fps                  | 341         |
|    iterations           | 50          |
|    time_elapsed         | 4796        |
|    total_timesteps      | 1638400     |
| train/                  |             |
|    approx_kl            | 0.014917171 |
|    clip_fraction        | 0.176       |
|    clip_range           | 0.2         |
|    entropy_loss         | -1.43       |
|    explained_variance   | 0.962       |
|    learning_rate        | 0.0003      |
|    loss                 | -0.0175     |
|    n_updates            | 490         |
|    policy_gradient_loss | -0.0168     |
|    value_loss           | 0.0299      |
-----------------------------------------
------------------------------------------
| rollout/                |              |
|    ep_len_mean          | 664          |
|    ep_rew_mean          | 1.44         |
| time/                   |              |
|    fps                  | 341          |
|    iterations           | 51           |
|    time_elapsed         | 4897         |
|    total_timesteps      | 1671168      |
| train/                  |              |
|    approx_kl            | 0.0148179885 |
|    clip_fraction        | 0.175        |
|    clip_range           | 0.2          |
|    entropy_loss         | -1.4         |
|    explained_variance   | 0.968        |
|    learning_rate        | 0.0003       |
|    loss                 | -0.017       |
|    n_updates            | 500          |
|    policy_gradient_loss | -0.0171      |
|    value_loss           | 0.0294       |
------------------------------------------
-----------------------------------------
| rollout/                |             |
|    ep_len_mean          | 664         |
|    ep_rew_mean          | 0.872       |
| time/                   |             |
|    fps                  | 341         |
|    iterations           | 52          |
|    time_elapsed         | 4995        |
|    total_timesteps      | 1703936     |
| train/                  |             |
|    approx_kl            | 0.015693907 |
|    clip_fraction        | 0.179       |
|    clip_range           | 0.2         |
|    entropy_loss         | -1.41       |
|    explained_variance   | 0.964       |
|    learning_rate        | 0.0003      |
|    loss                 | -0.0165     |
|    n_updates            | 510         |
|    policy_gradient_loss | -0.0164     |
|    value_loss           | 0.0327      |
-----------------------------------------
-----------------------------------------
| rollout/                |             |
|    ep_len_mean          | 664         |
|    ep_rew_mean          | 1.3         |
| time/                   |             |
|    fps                  | 340         |
|    iterations           | 53          |
|    time_elapsed         | 5094        |
|    total_timesteps      | 1736704     |
| train/                  |             |
|    approx_kl            | 0.014843443 |
|    clip_fraction        | 0.171       |
|    clip_range           | 0.2         |
|    entropy_loss         | -1.37       |
|    explained_variance   | 0.967       |
|    learning_rate        | 0.0003      |
|    loss                 | 0.000698    |
|    n_updates            | 520         |
|    policy_gradient_loss | -0.0161     |
|    value_loss           | 0.0282      |
-----------------------------------------
-----------------------------------------
| rollout/                |             |
|    ep_len_mean          | 664         |
|    ep_rew_mean          | 2.04        |
| time/                   |             |
|    fps                  | 340         |
|    iterations           | 54          |
|    time_elapsed         | 5193        |
|    total_timesteps      | 1769472     |
| train/                  |             |
|    approx_kl            | 0.015133317 |
|    clip_fraction        | 0.173       |
|    clip_range           | 0.2         |
|    entropy_loss         | -1.38       |
|    explained_variance   | 0.966       |
|    learning_rate        | 0.0003      |
|    loss                 | -0.024      |
|    n_updates            | 530         |
|    policy_gradient_loss | -0.016      |
|    value_loss           | 0.0228      |
-----------------------------------------
-----------------------------------------
| rollout/                |             |
|    ep_len_mean          | 664         |
|    ep_rew_mean          | 1.24        |
| time/                   |             |
|    fps                  | 340         |
|    iterations           | 55          |
|    time_elapsed         | 5292        |
|    total_timesteps      | 1802240     |
| train/                  |             |
|    approx_kl            | 0.015804047 |
|    clip_fraction        | 0.174       |
|    clip_range           | 0.2         |
|    entropy_loss         | -1.34       |
|    explained_variance   | 0.945       |
|    learning_rate        | 0.0003      |
|    loss                 | 0.0123      |
|    n_updates            | 540         |
|    policy_gradient_loss | -0.0169     |
|    value_loss           | 0.0273      |
-----------------------------------------
---------------------------------------
| rollout/                |           |
|    ep_len_mean          | 664       |
|    ep_rew_mean          | 0.586     |
| time/                   |           |
|    fps                  | 340       |
|    iterations           | 56        |
|    time_elapsed         | 5389      |
|    total_timesteps      | 1835008   |
| train/                  |           |
|    approx_kl            | 0.0162597 |
|    clip_fraction        | 0.181     |
|    clip_range           | 0.2       |
|    entropy_loss         | -1.36     |
|    explained_variance   | 0.963     |
|    learning_rate        | 0.0003    |
|    loss                 | -0.0276   |
|    n_updates            | 550       |
|    policy_gradient_loss | -0.0174   |
|    value_loss           | 0.0389    |
---------------------------------------
-----------------------------------------
| rollout/                |             |
|    ep_len_mean          | 664         |
|    ep_rew_mean          | 2.29        |
| time/                   |             |
|    fps                  | 340         |
|    iterations           | 57          |
|    time_elapsed         | 5487        |
|    total_timesteps      | 1867776     |
| train/                  |             |
|    approx_kl            | 0.015582962 |
|    clip_fraction        | 0.176       |
|    clip_range           | 0.2         |
|    entropy_loss         | -1.36       |
|    explained_variance   | 0.962       |
|    learning_rate        | 0.0003      |
|    loss                 | 0.00179     |
|    n_updates            | 560         |
|    policy_gradient_loss | -0.0171     |
|    value_loss           | 0.0315      |
-----------------------------------------
-----------------------------------------
| rollout/                |             |
|    ep_len_mean          | 664         |
|    ep_rew_mean          | 2.05        |
| time/                   |             |
|    fps                  | 340         |
|    iterations           | 58          |
|    time_elapsed         | 5586        |
|    total_timesteps      | 1900544     |
| train/                  |             |
|    approx_kl            | 0.015905783 |
|    clip_fraction        | 0.18        |
|    clip_range           | 0.2         |
|    entropy_loss         | -1.35       |
|    explained_variance   | 0.953       |
|    learning_rate        | 0.0003      |
|    loss                 | -0.0166     |
|    n_updates            | 570         |
|    policy_gradient_loss | -0.0172     |
|    value_loss           | 0.0265      |
-----------------------------------------
-----------------------------------------
| rollout/                |             |
|    ep_len_mean          | 664         |
|    ep_rew_mean          | 3.62        |
| time/                   |             |
|    fps                  | 340         |
|    iterations           | 59          |
|    time_elapsed         | 5685        |
|    total_timesteps      | 1933312     |
| train/                  |             |
|    approx_kl            | 0.016128823 |
|    clip_fraction        | 0.185       |
|    clip_range           | 0.2         |
|    entropy_loss         | -1.35       |
|    explained_variance   | 0.97        |
|    learning_rate        | 0.0003      |
|    loss                 | -0.0236     |
|    n_updates            | 580         |
|    policy_gradient_loss | -0.0175     |
|    value_loss           | 0.033       |
-----------------------------------------
-----------------------------------------
| rollout/                |             |
|    ep_len_mean          | 664         |
|    ep_rew_mean          | 2.95        |
| time/                   |             |
|    fps                  | 339         |
|    iterations           | 60          |
|    time_elapsed         | 5783        |
|    total_timesteps      | 1966080     |
| train/                  |             |
|    approx_kl            | 0.015810527 |
|    clip_fraction        | 0.179       |
|    clip_range           | 0.2         |
|    entropy_loss         | -1.32       |
|    explained_variance   | 0.952       |
|    learning_rate        | 0.0003      |
|    loss                 | 0.00547     |
|    n_updates            | 590         |
|    policy_gradient_loss | -0.0161     |
|    value_loss           | 0.0306      |
-----------------------------------------
-----------------------------------------
| rollout/                |             |
|    ep_len_mean          | 664         |
|    ep_rew_mean          | 2.34        |
| time/                   |             |
|    fps                  | 339         |
|    iterations           | 61          |
|    time_elapsed         | 5882        |
|    total_timesteps      | 1998848     |
| train/                  |             |
|    approx_kl            | 0.016097711 |
|    clip_fraction        | 0.177       |
|    clip_range           | 0.2         |
|    entropy_loss         | -1.3        |
|    explained_variance   | 0.966       |
|    learning_rate        | 0.0003      |
|    loss                 | 0.000509    |
|    n_updates            | 600         |
|    policy_gradient_loss | -0.0165     |
|    value_loss           | 0.0316      |
-----------------------------------------
-----------------------------------------
| rollout/                |             |
|    ep_len_mean          | 664         |
|    ep_rew_mean          | 3.71        |
| time/                   |             |
|    fps                  | 339         |
|    iterations           | 62          |
|    time_elapsed         | 5980        |
|    total_timesteps      | 2031616     |
| train/                  |             |
|    approx_kl            | 0.015884528 |
|    clip_fraction        | 0.176       |
|    clip_range           | 0.2         |
|    entropy_loss         | -1.29       |
|    explained_variance   | 0.967       |
|    learning_rate        | 0.0003      |
|    loss                 | 0.0224      |
|    n_updates            | 610         |
|    policy_gradient_loss | -0.0155     |
|    value_loss           | 0.0292      |
-----------------------------------------
----------------------------------------
| rollout/                |            |
|    ep_len_mean          | 664        |
|    ep_rew_mean          | 1.64       |
| time/                   |            |
|    fps                  | 339        |
|    iterations           | 63         |
|    time_elapsed         | 6077       |
|    total_timesteps      | 2064384    |
| train/                  |            |
|    approx_kl            | 0.01688205 |
|    clip_fraction        | 0.184      |
|    clip_range           | 0.2        |
|    entropy_loss         | -1.28      |
|    explained_variance   | 0.957      |
|    learning_rate        | 0.0003     |
|    loss                 | -0.0419    |
|    n_updates            | 620        |
|    policy_gradient_loss | -0.0171    |
|    value_loss           | 0.0285     |
----------------------------------------
-----------------------------------------
| rollout/                |             |
|    ep_len_mean          | 664         |
|    ep_rew_mean          | 2.56        |
| time/                   |             |
|    fps                  | 339         |
|    iterations           | 64          |
|    time_elapsed         | 6179        |
|    total_timesteps      | 2097152     |
| train/                  |             |
|    approx_kl            | 0.016251821 |
|    clip_fraction        | 0.175       |
|    clip_range           | 0.2         |
|    entropy_loss         | -1.25       |
|    explained_variance   | 0.952       |
|    learning_rate        | 0.0003      |
|    loss                 | -0.0444     |
|    n_updates            | 630         |
|    policy_gradient_loss | -0.0159     |
|    value_loss           | 0.0318      |
-----------------------------------------
-----------------------------------------
| rollout/                |             |
|    ep_len_mean          | 664         |
|    ep_rew_mean          | 3.72        |
| time/                   |             |
|    fps                  | 339         |
|    iterations           | 65          |
|    time_elapsed         | 6277        |
|    total_timesteps      | 2129920     |
| train/                  |             |
|    approx_kl            | 0.015230689 |
|    clip_fraction        | 0.173       |
|    clip_range           | 0.2         |
|    entropy_loss         | -1.23       |
|    explained_variance   | 0.963       |
|    learning_rate        | 0.0003      |
|    loss                 | -0.0102     |
|    n_updates            | 640         |
|    policy_gradient_loss | -0.0166     |
|    value_loss           | 0.0258      |
-----------------------------------------
-----------------------------------------
| rollout/                |             |
|    ep_len_mean          | 664         |
|    ep_rew_mean          | 1.81        |
| time/                   |             |
|    fps                  | 339         |
|    iterations           | 66          |
|    time_elapsed         | 6375        |
|    total_timesteps      | 2162688     |
| train/                  |             |
|    approx_kl            | 0.016366713 |
|    clip_fraction        | 0.179       |
|    clip_range           | 0.2         |
|    entropy_loss         | -1.23       |
|    explained_variance   | 0.967       |
|    learning_rate        | 0.0003      |
|    loss                 | -0.0178     |
|    n_updates            | 650         |
|    policy_gradient_loss | -0.0167     |
|    value_loss           | 0.0319      |
-----------------------------------------
-----------------------------------------
| rollout/                |             |
|    ep_len_mean          | 664         |
|    ep_rew_mean          | -0.344      |
| time/                   |             |
|    fps                  | 338         |
|    iterations           | 67          |
|    time_elapsed         | 6476        |
|    total_timesteps      | 2195456     |
| train/                  |             |
|    approx_kl            | 0.016250711 |
|    clip_fraction        | 0.184       |
|    clip_range           | 0.2         |
|    entropy_loss         | -1.25       |
|    explained_variance   | 0.976       |
|    learning_rate        | 0.0003      |
|    loss                 | -0.0228     |
|    n_updates            | 660         |
|    policy_gradient_loss | -0.0174     |
|    value_loss           | 0.0337      |
-----------------------------------------
-----------------------------------------
| rollout/                |             |
|    ep_len_mean          | 664         |
|    ep_rew_mean          | -0.881      |
| time/                   |             |
|    fps                  | 338         |
|    iterations           | 68          |
|    time_elapsed         | 6576        |
|    total_timesteps      | 2228224     |
| train/                  |             |
|    approx_kl            | 0.016228052 |
|    clip_fraction        | 0.181       |
|    clip_range           | 0.2         |
|    entropy_loss         | -1.23       |
|    explained_variance   | 0.97        |
|    learning_rate        | 0.0003      |
|    loss                 | -0.00389    |
|    n_updates            | 670         |
|    policy_gradient_loss | -0.0166     |
|    value_loss           | 0.0323      |
-----------------------------------------
-----------------------------------------
| rollout/                |             |
|    ep_len_mean          | 664         |
|    ep_rew_mean          | 1.7         |
| time/                   |             |
|    fps                  | 338         |
|    iterations           | 69          |
|    time_elapsed         | 6676        |
|    total_timesteps      | 2260992     |
| train/                  |             |
|    approx_kl            | 0.016191985 |
|    clip_fraction        | 0.178       |
|    clip_range           | 0.2         |
|    entropy_loss         | -1.21       |
|    explained_variance   | 0.975       |
|    learning_rate        | 0.0003      |
|    loss                 | 0.0513      |
|    n_updates            | 680         |
|    policy_gradient_loss | -0.0168     |
|    value_loss           | 0.0368      |
-----------------------------------------
-----------------------------------------
| rollout/                |             |
|    ep_len_mean          | 664         |
|    ep_rew_mean          | 4.67        |
| time/                   |             |
|    fps                  | 338         |
|    iterations           | 70          |
|    time_elapsed         | 6776        |
|    total_timesteps      | 2293760     |
| train/                  |             |
|    approx_kl            | 0.015832439 |
|    clip_fraction        | 0.178       |
|    clip_range           | 0.2         |
|    entropy_loss         | -1.2        |
|    explained_variance   | 0.966       |
|    learning_rate        | 0.0003      |
|    loss                 | -3.38e-05   |
|    n_updates            | 690         |
|    policy_gradient_loss | -0.0163     |
|    value_loss           | 0.0295      |
-----------------------------------------
-----------------------------------------
| rollout/                |             |
|    ep_len_mean          | 664         |
|    ep_rew_mean          | 3.18        |
| time/                   |             |
|    fps                  | 338         |
|    iterations           | 71          |
|    time_elapsed         | 6876        |
|    total_timesteps      | 2326528     |
| train/                  |             |
|    approx_kl            | 0.016282786 |
|    clip_fraction        | 0.185       |
|    clip_range           | 0.2         |
|    entropy_loss         | -1.19       |
|    explained_variance   | 0.974       |
|    learning_rate        | 0.0003      |
|    loss                 | -0.00153    |
|    n_updates            | 700         |
|    policy_gradient_loss | -0.0169     |
|    value_loss           | 0.029       |
-----------------------------------------
-----------------------------------------
| rollout/                |             |
|    ep_len_mean          | 664         |
|    ep_rew_mean          | 2.41        |
| time/                   |             |
|    fps                  | 338         |
|    iterations           | 72          |
|    time_elapsed         | 6974        |
|    total_timesteps      | 2359296     |
| train/                  |             |
|    approx_kl            | 0.016046006 |
|    clip_fraction        | 0.174       |
|    clip_range           | 0.2         |
|    entropy_loss         | -1.19       |
|    explained_variance   | 0.958       |
|    learning_rate        | 0.0003      |
|    loss                 | 0.0156      |
|    n_updates            | 710         |
|    policy_gradient_loss | -0.0153     |
|    value_loss           | 0.0313      |
-----------------------------------------
----------------------------------------
| rollout/                |            |
|    ep_len_mean          | 664        |
|    ep_rew_mean          | 2.79       |
| time/                   |            |
|    fps                  | 338        |
|    iterations           | 73         |
|    time_elapsed         | 7073       |
|    total_timesteps      | 2392064    |
| train/                  |            |
|    approx_kl            | 0.01671811 |
|    clip_fraction        | 0.175      |
|    clip_range           | 0.2        |
|    entropy_loss         | -1.15      |
|    explained_variance   | 0.949      |
|    learning_rate        | 0.0003     |
|    loss                 | -0.0402    |
|    n_updates            | 720        |
|    policy_gradient_loss | -0.0166    |
|    value_loss           | 0.0277     |
----------------------------------------
----------------------------------------
| rollout/                |            |
|    ep_len_mean          | 664        |
|    ep_rew_mean          | 2.04       |
| time/                   |            |
|    fps                  | 338        |
|    iterations           | 74         |
|    time_elapsed         | 7173       |
|    total_timesteps      | 2424832    |
| train/                  |            |
|    approx_kl            | 0.01720623 |
|    clip_fraction        | 0.183      |
|    clip_range           | 0.2        |
|    entropy_loss         | -1.18      |
|    explained_variance   | 0.967      |
|    learning_rate        | 0.0003     |
|    loss                 | -0.0192    |
|    n_updates            | 730        |
|    policy_gradient_loss | -0.0175    |
|    value_loss           | 0.031      |
----------------------------------------
-----------------------------------------
| rollout/                |             |
|    ep_len_mean          | 664         |
|    ep_rew_mean          | 3.55        |
| time/                   |             |
|    fps                  | 338         |
|    iterations           | 75          |
|    time_elapsed         | 7270        |
|    total_timesteps      | 2457600     |
| train/                  |             |
|    approx_kl            | 0.016550135 |
|    clip_fraction        | 0.178       |
|    clip_range           | 0.2         |
|    entropy_loss         | -1.14       |
|    explained_variance   | 0.966       |
|    learning_rate        | 0.0003      |
|    loss                 | 0.000295    |
|    n_updates            | 740         |
|    policy_gradient_loss | -0.017      |
|    value_loss           | 0.0306      |
-----------------------------------------
-----------------------------------------
| rollout/                |             |
|    ep_len_mean          | 664         |
|    ep_rew_mean          | 3.46        |
| time/                   |             |
|    fps                  | 337         |
|    iterations           | 76          |
|    time_elapsed         | 7372        |
|    total_timesteps      | 2490368     |
| train/                  |             |
|    approx_kl            | 0.017063174 |
|    clip_fraction        | 0.18        |
|    clip_range           | 0.2         |
|    entropy_loss         | -1.13       |
|    explained_variance   | 0.97        |
|    learning_rate        | 0.0003      |
|    loss                 | -0.0253     |
|    n_updates            | 750         |
|    policy_gradient_loss | -0.0168     |
|    value_loss           | 0.0292      |
-----------------------------------------
-----------------------------------------
| rollout/                |             |
|    ep_len_mean          | 664         |
|    ep_rew_mean          | 2.56        |
| time/                   |             |
|    fps                  | 337         |
|    iterations           | 77          |
|    time_elapsed         | 7472        |
|    total_timesteps      | 2523136     |
| train/                  |             |
|    approx_kl            | 0.016617551 |
|    clip_fraction        | 0.179       |
|    clip_range           | 0.2         |
|    entropy_loss         | -1.15       |
|    explained_variance   | 0.972       |
|    learning_rate        | 0.0003      |
|    loss                 | 0.0157      |
|    n_updates            | 760         |
|    policy_gradient_loss | -0.017      |
|    value_loss           | 0.028       |
-----------------------------------------
-----------------------------------------
| rollout/                |             |
|    ep_len_mean          | 664         |
|    ep_rew_mean          | 4.7         |
| time/                   |             |
|    fps                  | 337         |
|    iterations           | 78          |
|    time_elapsed         | 7570        |
|    total_timesteps      | 2555904     |
| train/                  |             |
|    approx_kl            | 0.017061472 |
|    clip_fraction        | 0.179       |
|    clip_range           | 0.2         |
|    entropy_loss         | -1.12       |
|    explained_variance   | 0.963       |
|    learning_rate        | 0.0003      |
|    loss                 | -0.0206     |
|    n_updates            | 770         |
|    policy_gradient_loss | -0.0176     |
|    value_loss           | 0.0282      |
-----------------------------------------
-----------------------------------------
| rollout/                |             |
|    ep_len_mean          | 664         |
|    ep_rew_mean          | 5.51        |
| time/                   |             |
|    fps                  | 337         |
|    iterations           | 79          |
|    time_elapsed         | 7666        |
|    total_timesteps      | 2588672     |
| train/                  |             |
|    approx_kl            | 0.017096646 |
|    clip_fraction        | 0.179       |
|    clip_range           | 0.2         |
|    entropy_loss         | -1.11       |
|    explained_variance   | 0.969       |
|    learning_rate        | 0.0003      |
|    loss                 | -0.0307     |
|    n_updates            | 780         |
|    policy_gradient_loss | -0.0164     |
|    value_loss           | 0.0311      |
-----------------------------------------
-----------------------------------------
| rollout/                |             |
|    ep_len_mean          | 664         |
|    ep_rew_mean          | 3.33        |
| time/                   |             |
|    fps                  | 337         |
|    iterations           | 80          |
|    time_elapsed         | 7763        |
|    total_timesteps      | 2621440     |
| train/                  |             |
|    approx_kl            | 0.017295243 |
|    clip_fraction        | 0.185       |
|    clip_range           | 0.2         |
|    entropy_loss         | -1.11       |
|    explained_variance   | 0.968       |
|    learning_rate        | 0.0003      |
|    loss                 | -0.0351     |
|    n_updates            | 790         |
|    policy_gradient_loss | -0.0184     |
|    value_loss           | 0.0304      |
-----------------------------------------
-----------------------------------------
| rollout/                |             |
|    ep_len_mean          | 664         |
|    ep_rew_mean          | 3.37        |
| time/                   |             |
|    fps                  | 337         |
|    iterations           | 81          |
|    time_elapsed         | 7861        |
|    total_timesteps      | 2654208     |
| train/                  |             |
|    approx_kl            | 0.017532773 |
|    clip_fraction        | 0.184       |
|    clip_range           | 0.2         |
|    entropy_loss         | -1.12       |
|    explained_variance   | 0.969       |
|    learning_rate        | 0.0003      |
|    loss                 | -0.0504     |
|    n_updates            | 800         |
|    policy_gradient_loss | -0.0177     |
|    value_loss           | 0.0358      |
-----------------------------------------
-----------------------------------------
| rollout/                |             |
|    ep_len_mean          | 664         |
|    ep_rew_mean          | 4.53        |
| time/                   |             |
|    fps                  | 337         |
|    iterations           | 82          |
|    time_elapsed         | 7959        |
|    total_timesteps      | 2686976     |
| train/                  |             |
|    approx_kl            | 0.017838929 |
|    clip_fraction        | 0.183       |
|    clip_range           | 0.2         |
|    entropy_loss         | -1.08       |
|    explained_variance   | 0.957       |
|    learning_rate        | 0.0003      |
|    loss                 | -0.0293     |
|    n_updates            | 810         |
|    policy_gradient_loss | -0.0171     |
|    value_loss           | 0.0269      |
-----------------------------------------
-----------------------------------------
| rollout/                |             |
|    ep_len_mean          | 664         |
|    ep_rew_mean          | 4.65        |
| time/                   |             |
|    fps                  | 337         |
|    iterations           | 83          |
|    time_elapsed         | 8056        |
|    total_timesteps      | 2719744     |
| train/                  |             |
|    approx_kl            | 0.016683817 |
|    clip_fraction        | 0.179       |
|    clip_range           | 0.2         |
|    entropy_loss         | -1.07       |
|    explained_variance   | 0.959       |
|    learning_rate        | 0.0003      |
|    loss                 | -0.0148     |
|    n_updates            | 820         |
|    policy_gradient_loss | -0.0162     |
|    value_loss           | 0.0301      |
-----------------------------------------
-----------------------------------------
| rollout/                |             |
|    ep_len_mean          | 664         |
|    ep_rew_mean          | 5.96        |
| time/                   |             |
|    fps                  | 337         |
|    iterations           | 84          |
|    time_elapsed         | 8152        |
|    total_timesteps      | 2752512     |
| train/                  |             |
|    approx_kl            | 0.017306576 |
|    clip_fraction        | 0.179       |
|    clip_range           | 0.2         |
|    entropy_loss         | -1.04       |
|    explained_variance   | 0.969       |
|    learning_rate        | 0.0003      |
|    loss                 | -0.0207     |
|    n_updates            | 830         |
|    policy_gradient_loss | -0.0168     |
|    value_loss           | 0.0287      |
-----------------------------------------
-----------------------------------------
| rollout/                |             |
|    ep_len_mean          | 664         |
|    ep_rew_mean          | 3.92        |
| time/                   |             |
|    fps                  | 337         |
|    iterations           | 85          |
|    time_elapsed         | 8248        |
|    total_timesteps      | 2785280     |
| train/                  |             |
|    approx_kl            | 0.017490577 |
|    clip_fraction        | 0.181       |
|    clip_range           | 0.2         |
|    entropy_loss         | -1.02       |
|    explained_variance   | 0.961       |
|    learning_rate        | 0.0003      |
|    loss                 | 0.00975     |
|    n_updates            | 840         |
|    policy_gradient_loss | -0.0157     |
|    value_loss           | 0.0282      |
-----------------------------------------
-----------------------------------------
| rollout/                |             |
|    ep_len_mean          | 664         |
|    ep_rew_mean          | 2.23        |
| time/                   |             |
|    fps                  | 337         |
|    iterations           | 86          |
|    time_elapsed         | 8346        |
|    total_timesteps      | 2818048     |
| train/                  |             |
|    approx_kl            | 0.017422538 |
|    clip_fraction        | 0.18        |
|    clip_range           | 0.2         |
|    entropy_loss         | -1.07       |
|    explained_variance   | 0.949       |
|    learning_rate        | 0.0003      |
|    loss                 | -0.0231     |
|    n_updates            | 850         |
|    policy_gradient_loss | -0.0172     |
|    value_loss           | 0.0348      |
-----------------------------------------
-----------------------------------------
| rollout/                |             |
|    ep_len_mean          | 664         |
|    ep_rew_mean          | 2.46        |
| time/                   |             |
|    fps                  | 337         |
|    iterations           | 87          |
|    time_elapsed         | 8444        |
|    total_timesteps      | 2850816     |
| train/                  |             |
|    approx_kl            | 0.017804489 |
|    clip_fraction        | 0.179       |
|    clip_range           | 0.2         |
|    entropy_loss         | -1.03       |
|    explained_variance   | 0.965       |
|    learning_rate        | 0.0003      |
|    loss                 | -0.0247     |
|    n_updates            | 860         |
|    policy_gradient_loss | -0.0167     |
|    value_loss           | 0.0278      |
-----------------------------------------
-----------------------------------------
| rollout/                |             |
|    ep_len_mean          | 664         |
|    ep_rew_mean          | 1.8         |
| time/                   |             |
|    fps                  | 337         |
|    iterations           | 88          |
|    time_elapsed         | 8539        |
|    total_timesteps      | 2883584     |
| train/                  |             |
|    approx_kl            | 0.017903868 |
|    clip_fraction        | 0.181       |
|    clip_range           | 0.2         |
|    entropy_loss         | -1.06       |
|    explained_variance   | 0.974       |
|    learning_rate        | 0.0003      |
|    loss                 | -0.00144    |
|    n_updates            | 870         |
|    policy_gradient_loss | -0.0179     |
|    value_loss           | 0.0339      |
-----------------------------------------
-----------------------------------------
| rollout/                |             |
|    ep_len_mean          | 664         |
|    ep_rew_mean          | 2.63        |
| time/                   |             |
|    fps                  | 337         |
|    iterations           | 89          |
|    time_elapsed         | 8634        |
|    total_timesteps      | 2916352     |
| train/                  |             |
|    approx_kl            | 0.018597513 |
|    clip_fraction        | 0.185       |
|    clip_range           | 0.2         |
|    entropy_loss         | -1.02       |
|    explained_variance   | 0.954       |
|    learning_rate        | 0.0003      |
|    loss                 | -0.0449     |
|    n_updates            | 880         |
|    policy_gradient_loss | -0.0171     |
|    value_loss           | 0.0288      |
-----------------------------------------
----------------------------------------
| rollout/                |            |
|    ep_len_mean          | 664        |
|    ep_rew_mean          | 2.45       |
| time/                   |            |
|    fps                  | 337        |
|    iterations           | 90         |
|    time_elapsed         | 8731       |
|    total_timesteps      | 2949120    |
| train/                  |            |
|    approx_kl            | 0.01742257 |
|    clip_fraction        | 0.177      |
|    clip_range           | 0.2        |
|    entropy_loss         | -1         |
|    explained_variance   | 0.968      |
|    learning_rate        | 0.0003     |
|    loss                 | 0.0268     |
|    n_updates            | 890        |
|    policy_gradient_loss | -0.0164    |
|    value_loss           | 0.0304     |
----------------------------------------
-----------------------------------------
| rollout/                |             |
|    ep_len_mean          | 664         |
|    ep_rew_mean          | 2.77        |
| time/                   |             |
|    fps                  | 337         |
|    iterations           | 91          |
|    time_elapsed         | 8825        |
|    total_timesteps      | 2981888     |
| train/                  |             |
|    approx_kl            | 0.017464252 |
|    clip_fraction        | 0.176       |
|    clip_range           | 0.2         |
|    entropy_loss         | -0.992      |
|    explained_variance   | 0.964       |
|    learning_rate        | 0.0003      |
|    loss                 | -0.0463     |
|    n_updates            | 900         |
|    policy_gradient_loss | -0.0172     |
|    value_loss           | 0.0287      |
-----------------------------------------
-----------------------------------------
| rollout/                |             |
|    ep_len_mean          | 664         |
|    ep_rew_mean          | 3.79        |
| time/                   |             |
|    fps                  | 337         |
|    iterations           | 92          |
|    time_elapsed         | 8922        |
|    total_timesteps      | 3014656     |
| train/                  |             |
|    approx_kl            | 0.018444534 |
|    clip_fraction        | 0.179       |
|    clip_range           | 0.2         |
|    entropy_loss         | -0.992      |
|    explained_variance   | 0.968       |
|    learning_rate        | 0.0003      |
|    loss                 | -0.0362     |
|    n_updates            | 910         |
|    policy_gradient_loss | -0.0178     |
|    value_loss           | 0.0296      |
-----------------------------------------
